../Drivers/CMSIS/Include/core_cm4.h:2064:26:ITM_SendChar	16	static,ignoring_inline_asm
../Core/Inc/bno055_stm32.h:24:6:bno055_assignI2C	16	static
../Core/Inc/bno055_stm32.h:28:6:bno055_delay	16	static
../Core/Inc/bno055_stm32.h:36:6:bno055_writeData	40	static
../Core/Inc/bno055_stm32.h:99:6:bno055_readData	24	static
../Core/Src/main.c:145:5:_write	32	static
../Core/Src/main.c:167:6:unwrap_encoder	40	static
../Core/Src/main.c:187:6:update_encoders	16	static
../Core/Src/main.c:210:6:setMotors	32	static
../Core/Src/main.c:307:6:parse_json_pwm	128	static
../Core/Src/main.c:346:6:send_Encoder	24	static
../Core/Src/main.c:399:5:main	24	static
../Core/Src/main.c:631:6:SystemClock_Config	88	static
../Core/Src/main.c:677:13:MX_I2C2_Init	8	static
../Core/Src/main.c:711:13:MX_TIM1_Init	56	static
../Core/Src/main.c:761:13:MX_TIM2_Init	56	static
../Core/Src/main.c:810:13:MX_TIM3_Init	56	static
../Core/Src/main.c:859:13:MX_TIM4_Init	48	static
../Core/Src/main.c:916:13:MX_TIM5_Init	48	static
../Core/Src/main.c:965:13:MX_USART1_UART_Init	8	static
../Core/Src/main.c:996:13:MX_DMA_Init	16	static
../Core/Src/main.c:1014:13:MX_GPIO_Init	40	static
../Core/Src/main.c:1077:6:Error_Handler	4	static,ignoring_inline_asm
