../Drivers/CMSIS/Include/core_cm4.h:2064:26:ITM_SendChar	4
../Core/Inc/bno055_stm32.h:24:6:bno055_assignI2C	1
../Core/Inc/bno055_stm32.h:28:6:bno055_delay	1
../Core/Inc/bno055_stm32.h:36:6:bno055_writeData	23
../Core/Inc/bno055_stm32.h:99:6:bno055_readData	1
../Core/Src/main.c:145:5:_write	2
../Core/Src/main.c:167:6:unwrap_encoder	2
../Core/Src/main.c:187:6:update_encoders	2
../Core/Src/main.c:210:6:setMotors	4
../Core/Src/main.c:307:6:parse_json_pwm	4
../Core/Src/main.c:346:6:send_Encoder	1
../Core/Src/main.c:399:5:main	3
../Core/Src/main.c:631:6:SystemClock_Config	3
../Core/Src/main.c:677:13:MX_I2C2_Init	2
../Core/Src/main.c:711:13:MX_TIM1_Init	3
../Core/Src/main.c:761:13:MX_TIM2_Init	3
../Core/Src/main.c:810:13:MX_TIM3_Init	3
../Core/Src/main.c:859:13:MX_TIM4_Init	6
../Core/Src/main.c:916:13:MX_TIM5_Init	4
../Core/Src/main.c:965:13:MX_USART1_UART_Init	2
../Core/Src/main.c:996:13:MX_DMA_Init	1
../Core/Src/main.c:1014:13:MX_GPIO_Init	1
../Core/Src/main.c:1077:6:Error_Handler	1
